// Jest Snapshot v1, https://goo.gl/fbAQLP

exports[`rendering renders correctly 1`] = `
<SignIn>
  <div
    className="card auth-form-body"
  >
    <div
      className="card-body"
    >
      <form
        onSubmit={[Function]}
      >
        <div
          className="form-group"
        >
          <label
            htmlFor="email"
          >
            Email
          </label>
          <input
            aria-describedby="email"
            className="form-control "
            id="email"
            onChange={[Function]}
            placeholder="Enter email"
            type="email"
            value=""
          />
        </div>
        <div
          className="form-group"
        >
          <label
            htmlFor="password"
          >
            Password
          </label>
          <input
            className="form-control "
            id="password"
            onChange={[Function]}
            placeholder="Enter password"
            type="password"
            value=""
          />
        </div>
        <div
          aria-label=""
          className="btn-group"
          role="group"
        >
          <button
            className="btn btn-primary"
            type="submit"
          >
            Sign In
          </button>
        </div>
      </form>
    </div>
  </div>
</SignIn>
`;
